FFFFFFFFFF                                                               [100%]
================================== FAILURES ===================================
__ test_save_failed_response_writes_the_raw_response_only_on_a_parse_failure __
.bg-shell\baseline\src\easy_a\sync\fetch.py:302: in _parse_page
    return parse_whole_term(
.bg-shell\baseline\src\easy_a\sync\fetch.py:159: in parse_whole_term
    raise LostRowsError(
E   easy_a.sync.parse_diagnostics.LostRowsError: Parsed 1 rows from 2 data rows; refusing a response that silently lost rows. expected=2 parsed=1. Suspect data rows (0-based): #1 23/24 cells (missing FEES).

During handling of the above exception, another exception occurred:
.bg-shell\baseline\tests\schedule\test_backfill.py:950: in test_save_failed_response_writes_the_raw_response_only_on_a_parse_failure
    code, report = run(
.bg-shell\baseline\tests\schedule\test_backfill.py:169: in run
    code = main(
.bg-shell\baseline\src\easy_a\schedule\backfill_cli.py:359: in main
    return _run(
.bg-shell\baseline\src\easy_a\schedule\backfill_cli.py:529: in _run
    fetched, fetch_failure = _fetch_terms(
.bg-shell\baseline\src\easy_a\schedule\backfill_cli.py:662: in _fetch_terms
    fetched[term] = fetch_whole_term(
.bg-shell\baseline\src\easy_a\sync\fetch.py:246: in fetch_whole_term
    parse = _parse_page(
.bg-shell\baseline\src\easy_a\sync\fetch.py:307: in _parse_page
    on_parse_failure(html)
.bg-shell\baseline\src\easy_a\schedule\backfill_cli.py:447: in __call__
    os.fchmod(handle.fileno(), 0o600)  # a pre-existing file keeps its old mode
    ^^^^^^^^^
E   AttributeError: module 'os' has no attribute 'fchmod'. Did you mean: 'chmod'?
_____ test_save_responses_writes_every_term_as_it_arrives_with_mode_0600 ______
.bg-shell\baseline\tests\schedule\test_backfill_gap06.py:384: in test_save_responses_writes_every_term_as_it_arrives_with_mode_0600
    code, report = run(
.bg-shell\baseline\tests\schedule\test_backfill.py:169: in run
    code = main(
.bg-shell\baseline\src\easy_a\schedule\backfill_cli.py:359: in main
    return _run(
.bg-shell\baseline\src\easy_a\schedule\backfill_cli.py:529: in _run
    fetched, fetch_failure = _fetch_terms(
.bg-shell\baseline\src\easy_a\schedule\backfill_cli.py:662: in _fetch_terms
    fetched[term] = fetch_whole_term(
.bg-shell\baseline\src\easy_a\sync\fetch.py:245: in fetch_whole_term
    on_response(html)
.bg-shell\baseline\src\easy_a\schedule\backfill_cli.py:447: in __call__
    os.fchmod(handle.fileno(), 0o600)  # a pre-existing file keeps its old mode
    ^^^^^^^^^
E   AttributeError: module 'os' has no attribute 'fchmod'. Did you mean: 'chmod'?
___ test_save_responses_keeps_the_pages_that_arrived_before_a_later_failure ___
.bg-shell\baseline\tests\schedule\test_backfill_gap06.py:423: in test_save_responses_keeps_the_pages_that_arrived_before_a_later_failure
    code, report = run(
.bg-shell\baseline\tests\schedule\test_backfill.py:169: in run
    code = main(
.bg-shell\baseline\src\easy_a\schedule\backfill_cli.py:359: in main
    return _run(
.bg-shell\baseline\src\easy_a\schedule\backfill_cli.py:529: in _run
    fetched, fetch_failure = _fetch_terms(
.bg-shell\baseline\src\easy_a\schedule\backfill_cli.py:662: in _fetch_terms
    fetched[term] = fetch_whole_term(
.bg-shell\baseline\src\easy_a\sync\fetch.py:245: in fetch_whole_term
    on_response(html)
.bg-shell\baseline\src\easy_a\schedule\backfill_cli.py:447: in __call__
    os.fchmod(handle.fileno(), 0o600)  # a pre-existing file keeps its old mode
    ^^^^^^^^^
E   AttributeError: module 'os' has no attribute 'fchmod'. Did you mean: 'chmod'?
___________ test_save_responses_resets_the_mode_of_an_existing_file ___________
.bg-shell\baseline\tests\schedule\test_backfill_gap06.py:445: in test_save_responses_resets_the_mode_of_an_existing_file
    run(
.bg-shell\baseline\tests\schedule\test_backfill.py:169: in run
    code = main(
.bg-shell\baseline\src\easy_a\schedule\backfill_cli.py:359: in main
    return _run(
.bg-shell\baseline\src\easy_a\schedule\backfill_cli.py:529: in _run
    fetched, fetch_failure = _fetch_terms(
.bg-shell\baseline\src\easy_a\schedule\backfill_cli.py:662: in _fetch_terms
    fetched[term] = fetch_whole_term(
.bg-shell\baseline\src\easy_a\sync\fetch.py:245: in fetch_whole_term
    on_response(html)
.bg-shell\baseline\src\easy_a\schedule\backfill_cli.py:447: in __call__
    os.fchmod(handle.fileno(), 0o600)  # a pre-existing file keeps its old mode
    ^^^^^^^^^
E   AttributeError: module 'os' has no attribute 'fchmod'. Did you mean: 'chmod'?
_______ test_replay_reproduces_the_report_with_no_client_and_no_request _______
.bg-shell\baseline\tests\schedule\test_backfill_gap06.py:564: in test_replay_reproduces_the_report_with_no_client_and_no_request
    code, live = run(
.bg-shell\baseline\tests\schedule\test_backfill.py:169: in run
    code = main(
.bg-shell\baseline\src\easy_a\schedule\backfill_cli.py:359: in main
    return _run(
.bg-shell\baseline\src\easy_a\schedule\backfill_cli.py:529: in _run
    fetched, fetch_failure = _fetch_terms(
.bg-shell\baseline\src\easy_a\schedule\backfill_cli.py:662: in _fetch_terms
    fetched[term] = fetch_whole_term(
.bg-shell\baseline\src\easy_a\sync\fetch.py:245: in fetch_whole_term
    on_response(html)
.bg-shell\baseline\src\easy_a\schedule\backfill_cli.py:447: in __call__
    os.fchmod(handle.fileno(), 0o600)  # a pre-existing file keeps its old mode
    ^^^^^^^^^
E   AttributeError: module 'os' has no attribute 'fchmod'. Did you mean: 'chmod'?
_ test_without_the_repair_the_unterminated_anchor_collapses_the_row[curly-href-unterminated-close-then-bare-url] _
.bg-shell\baseline\tests\sync\test_anchor_repair.py:79: in test_without_the_repair_the_unterminated_anchor_collapses_the_row
    assert len(parse_schedule_html(html)) == 4  # the 24-cell row is skipped as an 8-cell row
    ^^^^^^^^^^^^^^^^^^^^^^^^^^^^^^^^^^^^^^^^^^
E   assert 5 == 4
E    +  where 5 = len([ParsedScheduleRow(session='Full Term', college='AC', department='MTH', crn='10000', subject='MAC', course_number='100..., building='BEH', room='104', instructor_raw='Staff', campus='Tampa', delivery_method='CL', fees_raw='QMTH $15.00(F)')])
E    +    where [ParsedScheduleRow(session='Full Term', college='AC', department='MTH', crn='10000', subject='MAC', course_number='100..., building='BEH', room='104', instructor_raw='Staff', campus='Tampa', delivery_method='CL', fees_raw='QMTH $15.00(F)')] = parse_schedule_html("<!doctype html><html><body><p>Staff Schedule Search - Spring 2027</p><table><tr><th>SESSION</th><th>COL</th><th>DPT</...15.00(F)</td></tr><h3>We're sorry but an unexpected error has occured in this application. Please try back later.</h3>")
_ test_without_the_repair_the_unterminated_anchor_collapses_the_row[straight-href-unterminated-close-then-bare-url] _
.bg-shell\baseline\tests\sync\test_anchor_repair.py:79: in test_without_the_repair_the_unterminated_anchor_collapses_the_row
    assert len(parse_schedule_html(html)) == 4  # the 24-cell row is skipped as an 8-cell row
    ^^^^^^^^^^^^^^^^^^^^^^^^^^^^^^^^^^^^^^^^^^
E   assert 5 == 4
E    +  where 5 = len([ParsedScheduleRow(session='Full Term', college='AC', department='MTH', crn='10000', subject='MAC', course_number='100..., building='BEH', room='104', instructor_raw='Staff', campus='Tampa', delivery_method='CL', fees_raw='QMTH $15.00(F)')])
E    +    where [ParsedScheduleRow(session='Full Term', college='AC', department='MTH', crn='10000', subject='MAC', course_number='100..., building='BEH', room='104', instructor_raw='Staff', campus='Tampa', delivery_method='CL', fees_raw='QMTH $15.00(F)')] = parse_schedule_html("<!doctype html><html><body><p>Staff Schedule Search - Spring 2027</p><table><tr><th>SESSION</th><th>COL</th><th>DPT</...15.00(F)</td></tr><h3>We're sorry but an unexpected error has occured in this application. Please try back later.</h3>")
_ test_without_the_repair_the_unterminated_anchor_collapses_the_row[unterminated-close-before-cell-close] _
.bg-shell\baseline\tests\sync\test_anchor_repair.py:79: in test_without_the_repair_the_unterminated_anchor_collapses_the_row
    assert len(parse_schedule_html(html)) == 4  # the 24-cell row is skipped as an 8-cell row
    ^^^^^^^^^^^^^^^^^^^^^^^^^^^^^^^^^^^^^^^^^^
E   assert 5 == 4
E    +  where 5 = len([ParsedScheduleRow(session='Full Term', college='AC', department='MTH', crn='10000', subject='MAC', course_number='100..., building='BEH', room='104', instructor_raw='Staff', campus='Tampa', delivery_method='CL', fees_raw='QMTH $15.00(F)')])
E    +    where [ParsedScheduleRow(session='Full Term', college='AC', department='MTH', crn='10000', subject='MAC', course_number='100..., building='BEH', room='104', instructor_raw='Staff', campus='Tampa', delivery_method='CL', fees_raw='QMTH $15.00(F)')] = parse_schedule_html("<!doctype html><html><body><p>Staff Schedule Search - Spring 2027</p><table><tr><th>SESSION</th><th>COL</th><th>DPT</...15.00(F)</td></tr><h3>We're sorry but an unexpected error has occured in this application. Please try back later.</h3>")
_ test_without_the_repair_the_unterminated_anchor_collapses_the_row[unterminated-start-tag-only] _
.bg-shell\baseline\tests\sync\test_anchor_repair.py:79: in test_without_the_repair_the_unterminated_anchor_collapses_the_row
    assert len(parse_schedule_html(html)) == 4  # the 24-cell row is skipped as an 8-cell row
    ^^^^^^^^^^^^^^^^^^^^^^^^^^^^^^^^^^^^^^^^^^
E   assert 5 == 4
E    +  where 5 = len([ParsedScheduleRow(session='Full Term', college='AC', department='MTH', crn='10000', subject='MAC', course_number='100..., building='BEH', room='104', instructor_raw='Staff', campus='Tampa', delivery_method='CL', fees_raw='QMTH $15.00(F)')])
E    +    where [ParsedScheduleRow(session='Full Term', college='AC', department='MTH', crn='10000', subject='MAC', course_number='100..., building='BEH', room='104', instructor_raw='Staff', campus='Tampa', delivery_method='CL', fees_raw='QMTH $15.00(F)')] = parse_schedule_html("<!doctype html><html><body><p>Staff Schedule Search - Spring 2027</p><table><tr><th>SESSION</th><th>COL</th><th>DPT</...15.00(F)</td></tr><h3>We're sorry but an unexpected error has occured in this application. Please try back later.</h3>")
__________ test_sigterm_stops_a_sleeping_worker_process_with_exit_0 ___________
.bg-shell\baseline\tests\sync\test_cli.py:430: in test_sigterm_stops_a_sleeping_worker_process_with_exit_0
    assert code == 0
E   assert 1 == 0
=========================== short test summary info ===========================
FAILED .bg-shell\baseline\tests\schedule\test_backfill.py::test_save_failed_response_writes_the_raw_response_only_on_a_parse_failure
FAILED .bg-shell\baseline\tests\schedule\test_backfill_gap06.py::test_save_responses_writes_every_term_as_it_arrives_with_mode_0600
FAILED .bg-shell\baseline\tests\schedule\test_backfill_gap06.py::test_save_responses_keeps_the_pages_that_arrived_before_a_later_failure
FAILED .bg-shell\baseline\tests\schedule\test_backfill_gap06.py::test_save_responses_resets_the_mode_of_an_existing_file
FAILED .bg-shell\baseline\tests\schedule\test_backfill_gap06.py::test_replay_reproduces_the_report_with_no_client_and_no_request
FAILED .bg-shell\baseline\tests\sync\test_anchor_repair.py::test_without_the_repair_the_unterminated_anchor_collapses_the_row[curly-href-unterminated-close-then-bare-url]
FAILED .bg-shell\baseline\tests\sync\test_anchor_repair.py::test_without_the_repair_the_unterminated_anchor_collapses_the_row[straight-href-unterminated-close-then-bare-url]
FAILED .bg-shell\baseline\tests\sync\test_anchor_repair.py::test_without_the_repair_the_unterminated_anchor_collapses_the_row[unterminated-close-before-cell-close]
FAILED .bg-shell\baseline\tests\sync\test_anchor_repair.py::test_without_the_repair_the_unterminated_anchor_collapses_the_row[unterminated-start-tag-only]
FAILED .bg-shell\baseline\tests\sync\test_cli.py::test_sigterm_stops_a_sleeping_worker_process_with_exit_0
10 failed, 138 deselected in 1.94s
